../Core/Src/main.c:82:5:main	8	static
../Core/Src/main.c:146:6:SystemClock_Config	88	static
../Core/Src/main.c:193:13:MX_USART2_UART_Init	8	static
../Core/Src/main.c:226:13:MX_USART6_UART_Init	8	static
../Core/Src/main.c:259:13:MX_GPIO_Init	48	static
../Core/Src/main.c:302:6:MX_GPIO_LED_ON	16	static
../Core/Src/main.c:306:6:MX_GPIO_LED_OFF	16	static
../Core/Src/main.c:310:6:bluetooth_Event	152	static
../Core/Src/main.c:367:1:__io_putchar	16	static
../Core/Src/main.c:375:6:HAL_UART_RxCpltCallback	16	static
../Core/Src/main.c:416:6:Error_Handler	4	static,ignoring_inline_asm
