../Core/Src/main.c:127:5:main	8	static
../Core/Src/main.c:220:6:SystemClock_Config	88	static
../Core/Src/main.c:266:13:MX_I2C1_Init	8	static
../Core/Src/main.c:300:13:MX_TIM3_Init	32	static
../Core/Src/main.c:345:13:MX_USART2_UART_Init	8	static
../Core/Src/main.c:378:13:MX_USART6_UART_Init	8	static
../Core/Src/main.c:411:13:MX_GPIO_Init	48	static
../Core/Src/main.c:473:6:bluetooth_Event	144	static
../Core/Src/main.c:523:1:__io_putchar	16	static
../Core/Src/main.c:530:6:clock_set	16	static
../Core/Src/main.c:585:6:LCD_TIMEDISPLAY	32	static
../Core/Src/main.c:606:6:ALARM_LED	16	static
../Core/Src/main.c:615:6:HAL_GPIO_EXTI_Callback	16	static
../Core/Src/main.c:631:6:HAL_UART_RxCpltCallback	16	static
../Core/Src/main.c:666:6:HAL_TIM_PeriodElapsedCallback	16	static
../Core/Src/main.c:683:6:clock_calc	16	static
../Core/Src/main.c:712:6:Error_Handler	4	static,ignoring_inline_asm
