../Core/Src/main.c:127:5:main	7
../Core/Src/main.c:220:6:SystemClock_Config	3
../Core/Src/main.c:266:13:MX_I2C1_Init	2
../Core/Src/main.c:300:13:MX_TIM3_Init	4
../Core/Src/main.c:345:13:MX_USART2_UART_Init	2
../Core/Src/main.c:378:13:MX_USART6_UART_Init	2
../Core/Src/main.c:411:13:MX_GPIO_Init	1
../Core/Src/main.c:473:6:bluetooth_Event	5
../Core/Src/main.c:523:1:__io_putchar	1
../Core/Src/main.c:530:6:clock_set	18
../Core/Src/main.c:585:6:LCD_TIMEDISPLAY	3
../Core/Src/main.c:606:6:ALARM_LED	5
../Core/Src/main.c:615:6:HAL_GPIO_EXTI_Callback	5
../Core/Src/main.c:631:6:HAL_UART_RxCpltCallback	7
../Core/Src/main.c:666:6:HAL_TIM_PeriodElapsedCallback	4
../Core/Src/main.c:683:6:clock_calc	6
../Core/Src/main.c:712:6:Error_Handler	1
