../Core/Src/main.c:89:5:main	8	static
../Core/Src/main.c:157:6:SystemClock_Config	88	static
../Core/Src/main.c:203:13:MX_I2C1_Init	8	static
../Core/Src/main.c:237:13:MX_TIM3_Init	32	static
../Core/Src/main.c:282:13:MX_USART2_UART_Init	8	static
../Core/Src/main.c:315:13:MX_USART6_UART_Init	8	static
../Core/Src/main.c:348:13:MX_GPIO_Init	48	static
../Core/Src/main.c:391:6:MX_GPIO_LED_ON	16	static
../Core/Src/main.c:395:6:MX_GPIO_LED_OFF	16	static
../Core/Src/main.c:399:6:bluetooth_Event	192	static
../Core/Src/main.c:484:1:__io_putchar	16	static
../Core/Src/main.c:492:6:HAL_UART_RxCpltCallback	16	static
../Core/Src/main.c:533:6:Error_Handler	4	static,ignoring_inline_asm
