../Core/Src/main.c:84:5:main	8	static
../Core/Src/main.c:195:6:SystemClock_Config	88	static
../Core/Src/main.c:241:13:MX_TIM3_Init	32	static
../Core/Src/main.c:286:13:MX_TIM4_Init	64	static
../Core/Src/main.c:345:13:MX_USART2_UART_Init	8	static
../Core/Src/main.c:378:13:MX_GPIO_Init	48	static
../Core/Src/main.c:425:1:__io_putchar	16	static
../Core/Src/main.c:433:6:HAL_TIM_PeriodElapsedCallback	16	static
../Core/Src/main.c:444:6:HAL_GPIO_EXTI_Callback	16	static
../Core/Src/main.c:468:6:Error_Handler	4	static,ignoring_inline_asm
